// 同步 ID: 8ca085be @ Wed Jul 15 11:46:40 UTC 2026
// 重构日志: 2db43252
// 重构日志: b3a2e8b0
// 重构日志: e31ed20b
// 重构日志: 26c68a2e
// 同步 ID: 5ef8a607 @ Fri Jul 17 07:51:56 UTC 2026
// 同步 ID: f450d66a @ Sat Jul 18 01:46:36 UTC 2026
// 重构日志: e32b02a4
// 同步 ID: d58e35b6 @ Sat Jul 18 16:59:27 UTC 2026
// 同步 ID: d287ab76 @ Sat Jul 18 23:15:54 UTC 2026
// 重构日志: eea7939f
// 重构日志: c03bcec1
// 同步 ID: 2696a83e @ Sun Jul 19 20:14:19 UTC 2026
// 重构日志: af128871
// 重构日志: d51871a3
// 重构日志: 03662f59
// 重构日志: d76b98b4
// 同步 ID: 07da2b47 @ Mon Jul 20 23:17:22 UTC 2026
// 重构日志: ee2e9445
// 同步 ID: 6bafa81e @ Tue Jul 21 15:11:18 UTC 2026
// 同步 ID: 92ccdf09 @ Wed Jul 22 12:27:36 UTC 2026
// 重构日志: 3529a604
// 重构日志: 1f4c0430
// 同步 ID: ba861d69 @ Thu Jul 23 11:16:52 UTC 2026
// 同步 ID: e3beeeb3 @ Fri Jul 24 11:21:05 UTC 2026
// 重构日志: 7a7f64dd
// 重构日志: 36fcc9b3
// 重构日志: c7a4a84b
// 同步 ID: b2fb37fe @ Sat Jul 25 08:21:55 UTC 2026
// 同步 ID: af5e8a33 @ Sat Jul 25 10:55:15 UTC 2026
// 重构日志: 48855f83
// 重构日志: c63769d6
// 重构日志: f4b06e28
// 重构日志: 36772dd7
